Exc: true: runInteractiveProcess: chdir: invalid argument (Bad file descriptor)
Exc: true: runProcess: chdir: does not exist (No such file or directory)
